Command line invocation:
    /Applications/Xcode.app/Contents/Developer/usr/bin/xcodebuild -project /Users/benedictnkosi/Documents/cursor/dimpo_reads/ios/DimpoReads.xcodeproj -configuration Debug -scheme DimpoReads -destination id=0CFE2855-E517-4B03-9CA2-CEC166DC5142 DEVELOPMENT_TEAM=76M4267A5B -allowProvisioningUpdates -allowProvisioningDeviceRegistration

Build settings from command line:
    DEVELOPMENT_TEAM = 76M4267A5B

ComputePackagePrebuildTargetDependencyGraph

Prepare packages

CreateBuildRequest

SendProjectDescription

CreateBuildOperation

ComputeTargetDependencyGraph
note: Building targets in dependency order
note: Target dependency graph (1 target)
    Target 'DimpoReads' in project 'DimpoReads' (no dependencies)

GatherProvisioningInputs

CreateBuildDescription

ExecuteExternalTool /Applications/Xcode.app/Contents/Developer/usr/bin/ibtool --version --output-format xml1

ExecuteExternalTool /Applications/Xcode.app/Contents/Developer/Toolchains/XcodeDefault.xctoolchain/usr/bin/clang -v -E -dM -isysroot /Applications/Xcode.app/Contents/Developer/Platforms/iPhoneSimulator.platform/Developer/SDKs/iPhoneSimulator18.5.sdk -x c -c /dev/null

ExecuteExternalTool /Applications/Xcode.app/Contents/Developer/Toolchains/XcodeDefault.xctoolchain/usr/bin/clang -v -E -dM -arch arm64 -isysroot /Applications/Xcode.app/Contents/Developer/Platforms/iPhoneSimulator.platform/Developer/SDKs/iPhoneSimulator18.5.sdk -x c -c /dev/null

ExecuteExternalTool /Applications/Xcode.app/Contents/Developer/Toolchains/XcodeDefault.xctoolchain/usr/bin/clang -v -E -dM -arch arm64 -isysroot /Applications/Xcode.app/Contents/Developer/Platforms/iPhoneSimulator.platform/Developer/SDKs/iPhoneSimulator18.5.sdk -x objective-c++ -c /dev/null

ExecuteExternalTool /Applications/Xcode.app/Contents/Developer/Toolchains/XcodeDefault.xctoolchain/usr/bin/clang -v -E -dM -arch arm64 -isysroot /Applications/Xcode.app/Contents/Developer/Platforms/iPhoneSimulator.platform/Developer/SDKs/iPhoneSimulator18.5.sdk -x objective-c -c /dev/null

ExecuteExternalTool /Applications/Xcode.app/Contents/Developer/usr/bin/actool --print-asset-tag-combinations --output-format xml1 /Users/benedictnkosi/Documents/cursor/dimpo_reads/ios/DimpoReads/Images.xcassets

ExecuteExternalTool /Applications/Xcode.app/Contents/Developer/usr/bin/actool --version --output-format xml1

ExecuteExternalTool /Applications/Xcode.app/Contents/Developer/Toolchains/XcodeDefault.xctoolchain/usr/bin/swiftc --version

ExecuteExternalTool /Applications/Xcode.app/Contents/Developer/Toolchains/XcodeDefault.xctoolchain/usr/bin/ld -version_details

Build description signature: 380edd093524ff024cac155b4b62c920
Build description path: /Users/benedictnkosi/Library/Developer/Xcode/DerivedData/DimpoReads-fsovokhvsiwlfnewwjgfnmyubnps/Build/Intermediates.noindex/XCBuildData/380edd093524ff024cac155b4b62c920.xcbuilddata
/Users/benedictnkosi/Documents/cursor/dimpo_reads/ios/DimpoReads.xcodeproj:1:1: error: Unable to open base configuration reference file '/Users/benedictnkosi/Documents/cursor/dimpo_reads/ios/Pods/Target Support Files/Pods-DimpoReads/Pods-DimpoReads.debug.xcconfig'. (in target 'DimpoReads' from project 'DimpoReads')
note: Run script build phase 'Bundle React Native code and images' will be run during every build because the option to run the script phase "Based on dependency analysis" is unchecked. (in target 'DimpoReads' from project 'DimpoReads')
